INFO:    User not listed in /etc/subuid, trying root-mapped namespace
INFO:    fakeroot command not found, using only root-mapped namespace
INFO:    gocryptfs not found, will not be able to use gocryptfs
[rank15]:[W325 09:30:34.064504184 ProcessGroupNCCL.cpp:5178] Guessing device ID based on global rank. This can cause a hang if rank to GPU mapping is heterogeneous. You can specify device_id in init_process_group()
huggingface/tokenizers: The current process just got forked, after parallelism has already been used. Disabling parallelism to avoid deadlocks...
To disable this warning, you can either:
	- Avoid using `tokenizers` before the fork if possible
	- Explicitly set the environment variable TOKENIZERS_PARALLELISM=(true | false)
huggingface/tokenizers: The current process just got forked, after parallelism has already been used. Disabling parallelism to avoid deadlocks...
To disable this warning, you can either:
	- Avoid using `tokenizers` before the fork if possible
	- Explicitly set the environment variable TOKENIZERS_PARALLELISM=(true | false)
huggingface/tokenizers: The current process just got forked, after parallelism has already been used. Disabling parallelism to avoid deadlocks...
To disable this warning, you can either:
	- Avoid using `tokenizers` before the fork if possible
	- Explicitly set the environment variable TOKENIZERS_PARALLELISM=(true | false)
huggingface/tokenizers: The current process just got forked, after parallelism has already been used. Disabling parallelism to avoid deadlocks...
To disable this warning, you can either:
	- Avoid using `tokenizers` before the fork if possible
	- Explicitly set the environment variable TOKENIZERS_PARALLELISM=(true | false)
huggingface/tokenizers: The current process just got forked, after parallelism has already been used. Disabling parallelism to avoid deadlocks...
To disable this warning, you can either:
	- Avoid using `tokenizers` before the fork if possible
	- Explicitly set the environment variable TOKENIZERS_PARALLELISM=(true | false)
huggingface/tokenizers: The current process just got forked, after parallelism has already been used. Disabling parallelism to avoid deadlocks...
To disable this warning, you can either:
	- Avoid using `tokenizers` before the fork if possible
	- Explicitly set the environment variable TOKENIZERS_PARALLELISM=(true | false)
[rank15]:[E325 17:31:46.999786000 ProcessGroupNCCL.cpp:1841] [PG ID 0 PG GUID 0(default_pg) Rank 15] Observed flight recorder dump signal from another rank via TCPStore.
[rank15]:[E325 17:31:46.999990640 ProcessGroupNCCL.cpp:1906] [PG ID 0 PG GUID 0(default_pg) Rank 15] Received a dump signal due to a collective timeout from  rank 30 and we will try our best to dump the debug info. Last enqueued NCCL work: 52028, last completed NCCL work: 52027.This is most likely caused by incorrect usages of collectives, e.g., wrong sizes used across ranks, the order of collectives is not same for all ranks or the scheduled collective, for some reason, didn't run. Additionally, this can be caused by GIL deadlock or other reasons such as network errors or bugs in the communications library (e.g. NCCL), etc. 
[rank15]:[E325 17:31:46.002852393 ProcessGroupNCCL.cpp:1622] [PG ID 0 PG GUID 0(default_pg) Rank 15] ProcessGroupNCCL preparing to dump debug info. Include stack trace: 1, only active collectives: 0
[rank15]:[E325 17:36:50.934514104 ProcessGroupNCCL.cpp:612] [Rank 15] Collective WorkNCCL(SeqNum=52028, OpType=ALLREDUCE, NumelIn=1, NumelOut=1, Timeout(ms)=600000) raised the following async exception: NCCL error: remote process exited or there was a network error, NCCL version 2.29.2
ncclRemoteError: A call failed possibly due to a network error or a remote process exiting prematurely.
Last error:
socketProgress: Connection closed by remote peer i622-031.vista.tacc.utexas.edu<51512>
Exception raised from checkForNCCLErrorsInternal at /opt/pytorch/pytorch/torch/csrc/distributed/c10d/ProcessGroupNCCL.cpp:2760 (most recent call first):
frame #0: c10::Error::Error(c10::SourceLocation, std::__cxx11::basic_string<char, std::char_traits<char>, std::allocator<char> >) + 0xd4 (0x400030f339f4 in /usr/local/lib/python3.12/dist-packages/torch/lib/libc10.so)
frame #1: c10d::ProcessGroupNCCL::checkForNCCLErrorsInternal(std::shared_ptr<c10d::NCCLComm>&) + 0x2bc (0x400011af952c in /usr/local/lib/python3.12/dist-packages/torch/lib/libtorch_cuda.so)
frame #2: c10d::ProcessGroupNCCL::WorkNCCL::checkAndSetException() + 0x78 (0x400011b073e8 in /usr/local/lib/python3.12/dist-packages/torch/lib/libtorch_cuda.so)
frame #3: c10d::ProcessGroupNCCL::Watchdog::runLoop() + 0x8ac (0x400011b104fc in /usr/local/lib/python3.12/dist-packages/torch/lib/libtorch_cuda.so)
frame #4: c10d::ProcessGroupNCCL::Watchdog::run() + 0xec (0x400011b124cc in /usr/local/lib/python3.12/dist-packages/torch/lib/libtorch_cuda.so)
frame #5: <unknown function> + 0xe1ae0 (0x400031421ae0 in /lib/aarch64-linux-gnu/libstdc++.so.6)
frame #6: <unknown function> + 0x8595c (0x400005f7595c in /lib/aarch64-linux-gnu/libc.so.6)
frame #7: <unknown function> + 0xebb4c (0x400005fdbb4c in /lib/aarch64-linux-gnu/libc.so.6)

[rank15]:[E325 17:36:50.936061300 ProcessGroupNCCL.cpp:2293] [PG ID 0 PG GUID 0(default_pg) Rank 15]  failure detected by watchdog at work sequence id: 52028 PG status: last enqueued work: 52028, last completed work: 52027
[rank15]:[E325 17:36:50.936067572 ProcessGroupNCCL.cpp:736] Stack trace of the failed collective not found, potentially because FlightRecorder is disabled. You can enable it by setting TORCH_NCCL_TRACE_BUFFER_SIZE to a non-zero value.
[W325 17:36:50.966803659 TCPStore.cpp:138] [c10d] recvValueWithTimeout failed on SocketImpl(fd=25, addr=[c622-032.vista.tacc.utexas.edu]:43274, remote=[c612-142.vista.tacc.utexas.edu]:12345): Failed to recv, got 0 bytes. Connection was likely closed. Did the remote server shutdown or crash?
Exception raised from recvBytes at /opt/pytorch/pytorch/torch/csrc/distributed/c10d/Utils.hpp:682 (most recent call first):
frame #0: c10::Error::Error(c10::SourceLocation, std::__cxx11::basic_string<char, std::char_traits<char>, std::allocator<char> >) + 0xd4 (0x40003a5a39f4 in /usr/local/lib/python3.12/dist-packages/torch/lib/libc10.so)
frame #1: <unknown function> + 0x655f564 (0x400017aef564 in /usr/local/lib/python3.12/dist-packages/torch/lib/libtorch_cpu.so)
frame #2: c10d::TCPStore::doWait(c10::ArrayRef<std::__cxx11::basic_string<char, std::char_traits<char>, std::allocator<char> > >, std::chrono::duration<long, std::ratio<1l, 1000l> >) + 0x240 (0x400017af4bc0 in /usr/local/lib/python3.12/dist-packages/torch/lib/libtorch_cpu.so)
frame #3: c10d::TCPStore::doGet(std::__cxx11::basic_string<char, std::char_traits<char>, std::allocator<char> > const&) + 0x28 (0x400017af54a8 in /usr/local/lib/python3.12/dist-packages/torch/lib/libtorch_cpu.so)
frame #4: c10d::TCPStore::get(std::__cxx11::basic_string<char, std::char_traits<char>, std::allocator<char> > const&) + 0x88 (0x400017af6e98 in /usr/local/lib/python3.12/dist-packages/torch/lib/libtorch_cpu.so)
frame #5: <unknown function> + 0x124a7f0 (0x40001137a7f0 in /usr/local/lib/python3.12/dist-packages/torch/lib/libtorch_python.so)
frame #6: <unknown function> + 0x5ccbf8 (0x4000106fcbf8 in /usr/local/lib/python3.12/dist-packages/torch/lib/libtorch_python.so)
frame #7: /usr/bin/python3() [0x504a34]
frame #8: _PyObject_MakeTpCall + 0x78 (0x4c3e58 in /usr/bin/python3)
frame #9: /usr/bin/python3() [0x4c812c]
frame #10: _PyEval_EvalFrameDefault + 0x3ea0 (0x568564 in /usr/bin/python3)
frame #11: _PyObject_Call_Prepend + 0xc4 (0x4c5934 in /usr/bin/python3)
frame #12: /usr/bin/python3() [0x52a070]
frame #13: PyObject_Call + 0x6c (0x4c633c in /usr/bin/python3)
frame #14: _PyEval_EvalFrameDefault + 0x3ea0 (0x568564 in /usr/bin/python3)
frame #15: PyEval_EvalCode + 0x130 (0x5632b4 in /usr/bin/python3)
frame #16: /usr/bin/python3() [0x59c4c4]
frame #17: /usr/bin/python3() [0x680924]
frame #18: _PyRun_SimpleFileObject + 0x194 (0x6804f8 in /usr/bin/python3)
frame #19: _PyRun_AnyFileObject + 0x54 (0x6802c4 in /usr/bin/python3)
frame #20: Py_RunMain + 0x2dc (0x68b2cc in /usr/bin/python3)
frame #21: Py_BytesMain + 0x28 (0x68ae88 in /usr/bin/python3)
frame #22: <unknown function> + 0x284c4 (0x40000f5884c4 in /lib/aarch64-linux-gnu/libc.so.6)
frame #23: __libc_start_main + 0x98 (0x40000f588598 in /lib/aarch64-linux-gnu/libc.so.6)
frame #24: _start + 0x30 (0x5f6770 in /usr/bin/python3)

W0325 17:36:50.899000 127861 torch/distributed/elastic/multiprocessing/api.py:1010] Sending process 127943 closing signal SIGTERM
[W325 17:36:51.239007614 TCPStore.cpp:106] [c10d] sendBytes failed on SocketImpl(fd=25, addr=[c622-032.vista.tacc.utexas.edu]:43274, remote=[c612-142.vista.tacc.utexas.edu]:12345): Broken pipe
Exception raised from sendBytes at /opt/pytorch/pytorch/torch/csrc/distributed/c10d/Utils.hpp:653 (most recent call first):
frame #0: c10::Error::Error(c10::SourceLocation, std::__cxx11::basic_string<char, std::char_traits<char>, std::allocator<char> >) + 0xd4 (0x40003a5a39f4 in /usr/local/lib/python3.12/dist-packages/torch/lib/libc10.so)
frame #1: <unknown function> + 0x655df84 (0x400017aedf84 in /usr/local/lib/python3.12/dist-packages/torch/lib/libtorch_cpu.so)
frame #2: c10d::TCPStore::doWait(c10::ArrayRef<std::__cxx11::basic_string<char, std::char_traits<char>, std::allocator<char> > >, std::chrono::duration<long, std::ratio<1l, 1000l> >) + 0xc4 (0x400017af4a44 in /usr/local/lib/python3.12/dist-packages/torch/lib/libtorch_cpu.so)
frame #3: c10d::TCPStore::doGet(std::__cxx11::basic_string<char, std::char_traits<char>, std::allocator<char> > const&) + 0x28 (0x400017af54a8 in /usr/local/lib/python3.12/dist-packages/torch/lib/libtorch_cpu.so)
frame #4: c10d::TCPStore::get(std::__cxx11::basic_string<char, std::char_traits<char>, std::allocator<char> > const&) + 0x88 (0x400017af6e98 in /usr/local/lib/python3.12/dist-packages/torch/lib/libtorch_cpu.so)
frame #5: <unknown function> + 0x124a7f0 (0x40001137a7f0 in /usr/local/lib/python3.12/dist-packages/torch/lib/libtorch_python.so)
frame #6: <unknown function> + 0x5ccbf8 (0x4000106fcbf8 in /usr/local/lib/python3.12/dist-packages/torch/lib/libtorch_python.so)
frame #7: /usr/bin/python3() [0x504a34]
frame #8: _PyObject_MakeTpCall + 0x78 (0x4c3e58 in /usr/bin/python3)
frame #9: /usr/bin/python3() [0x4c812c]
frame #10: _PyEval_EvalFrameDefault + 0x3ea0 (0x568564 in /usr/bin/python3)
frame #11: _PyObject_Call_Prepend + 0xc4 (0x4c5934 in /usr/bin/python3)
frame #12: /usr/bin/python3() [0x52a070]
frame #13: PyObject_Call + 0x6c (0x4c633c in /usr/bin/python3)
frame #14: _PyEval_EvalFrameDefault + 0x3ea0 (0x568564 in /usr/bin/python3)
frame #15: PyEval_EvalCode + 0x130 (0x5632b4 in /usr/bin/python3)
frame #16: /usr/bin/python3() [0x59c4c4]
frame #17: /usr/bin/python3() [0x680924]
frame #18: _PyRun_SimpleFileObject + 0x194 (0x6804f8 in /usr/bin/python3)
frame #19: _PyRun_AnyFileObject + 0x54 (0x6802c4 in /usr/bin/python3)
frame #20: Py_RunMain + 0x2dc (0x68b2cc in /usr/bin/python3)
frame #21: Py_BytesMain + 0x28 (0x68ae88 in /usr/bin/python3)
frame #22: <unknown function> + 0x284c4 (0x40000f5884c4 in /lib/aarch64-linux-gnu/libc.so.6)
frame #23: __libc_start_main + 0x98 (0x40000f588598 in /lib/aarch64-linux-gnu/libc.so.6)
frame #24: _start + 0x30 (0x5f6770 in /usr/bin/python3)

W0325 17:36:51.169000 127861 torch/distributed/elastic/rendezvous/dynamic_rendezvous.py:1293] The node 'c622-032.vista.tacc.utexas.edu_127861_0' has failed to shutdown the rendezvous 'none' due to an error of type RendezvousConnectionError.
Traceback (most recent call last):
  File "/usr/local/lib/python3.12/dist-packages/torch/distributed/elastic/rendezvous/c10d_rendezvous_backend.py", line 114, in _call_store
    return getattr(self._store, store_op)(*args, **kwargs)
           ^^^^^^^^^^^^^^^^^^^^^^^^^^^^^^^^^^^^^^^^^^^^^^^
torch.distributed.DistNetworkError: Failed to recv, got 0 bytes. Connection was likely closed. Did the remote server shutdown or crash?

The above exception was the direct cause of the following exception:

Traceback (most recent call last):
  File "/usr/local/bin/torchrun", line 6, in <module>
    sys.exit(main())
             ^^^^^^
  File "/usr/local/lib/python3.12/dist-packages/torch/distributed/elastic/multiprocessing/errors/__init__.py", line 362, in wrapper
    return f(*args, **kwargs)
           ^^^^^^^^^^^^^^^^^^
  File "/usr/local/lib/python3.12/dist-packages/torch/distributed/run.py", line 990, in main
    run(args)
  File "/usr/local/lib/python3.12/dist-packages/torch/distributed/run.py", line 981, in run
    elastic_launch(
  File "/usr/local/lib/python3.12/dist-packages/torch/distributed/launcher/api.py", line 170, in __call__
    return launch_agent(self._config, self._entrypoint, list(args))
           ^^^^^^^^^^^^^^^^^^^^^^^^^^^^^^^^^^^^^^^^^^^^^^^^^^^^^^^^
  File "/usr/local/lib/python3.12/dist-packages/torch/distributed/launcher/api.py", line 308, in launch_agent
    result = agent.run()
             ^^^^^^^^^^^
  File "/usr/local/lib/python3.12/dist-packages/torch/distributed/elastic/metrics/api.py", line 134, in wrapper
    result = f(*args, **kwargs)
             ^^^^^^^^^^^^^^^^^^
  File "/usr/local/lib/python3.12/dist-packages/torch/distributed/elastic/agent/server/api.py", line 731, in run
    result = self._invoke_run(role)
             ^^^^^^^^^^^^^^^^^^^^^^
  File "/usr/local/lib/python3.12/dist-packages/torch/distributed/elastic/agent/server/api.py", line 944, in _invoke_run
    num_nodes_waiting = rdzv_handler.num_nodes_waiting()
                        ^^^^^^^^^^^^^^^^^^^^^^^^^^^^^^^^
  File "/usr/local/lib/python3.12/dist-packages/torch/distributed/elastic/rendezvous/dynamic_rendezvous.py", line 1264, in num_nodes_waiting
    self._state_holder.sync()
  File "/usr/local/lib/python3.12/dist-packages/torch/distributed/elastic/rendezvous/dynamic_rendezvous.py", line 438, in sync
    get_response = self._backend.get_state()
                   ^^^^^^^^^^^^^^^^^^^^^^^^^
  File "/usr/local/lib/python3.12/dist-packages/torch/distributed/elastic/rendezvous/c10d_rendezvous_backend.py", line 75, in get_state
    base64_state: bytes = self._call_store("get", self._key)
                          ^^^^^^^^^^^^^^^^^^^^^^^^^^^^^^^^^^
  File "/usr/local/lib/python3.12/dist-packages/torch/distributed/elastic/rendezvous/c10d_rendezvous_backend.py", line 116, in _call_store
    raise RendezvousConnectionError(
torch.distributed.elastic.rendezvous.api.RendezvousConnectionError: The connection to the C10d store has failed. See inner exception for details.
