INFO:    User not listed in /etc/subuid, trying root-mapped namespace
INFO:    fakeroot command not found, using only root-mapped namespace
INFO:    gocryptfs not found, will not be able to use gocryptfs
/usr/local/lib/python3.12/dist-packages/modelopt/torch/utils/logging.py:115: UserWarning: Failed to import transformers plugin due to: RuntimeError("Failed to import transformers.trainer because of the following error (look up to see its traceback):\ncannot import name 'amp' from 'apex' (/usr/local/lib/python3.12/dist-packages/apex/__init__.py)"). You may ignore this warning if you do not need this plugin.
  warnings.warn(message, *args, **kwargs)
/usr/local/lib/python3.12/dist-packages/modelopt/torch/utils/logging.py:115: UserWarning: Failed to import huggingface plugin due to: ImportError("cannot import name 'ModelOptHFTrainer' from 'modelopt.torch.opt.plugins' (/usr/local/lib/python3.12/dist-packages/modelopt/torch/opt/plugins/__init__.py)"). You may ignore this warning if you do not need this plugin.
  warnings.warn(message, *args, **kwargs)
/usr/local/lib/python3.12/dist-packages/modelopt/torch/utils/logging.py:115: UserWarning: Failed to import transformers trainer plugin due to: ImportError("cannot import name 'ModelOptHFTrainer' from 'modelopt.torch.opt.plugins' (/usr/local/lib/python3.12/dist-packages/modelopt/torch/opt/plugins/__init__.py)"). You may ignore this warning if you do not need this plugin.
  warnings.warn(message, *args, **kwargs)
/usr/local/lib/python3.12/dist-packages/modelopt/torch/__init__.py:36: UserWarning: transformers version 4.48.1 is not tested with nvidia-modelopt and may cause issues. Please install recommended version with `pip install nvidia-modelopt[hf]` if working with HF models.
  _warnings.warn(
/work/09308/zhengmk/optimus-cc/Megatron-LM/megatron/training/utils.py:411: UserWarning: Overriding default arguments for tokenizer_type:GPT2BPETokenizer with tokenizer_type:HuggingFaceTokenizer
  warnings.warn(message)
/work/09308/zhengmk/optimus-cc/Megatron-LM/megatron/training/utils.py:411: UserWarning: --tokenizer-hf-use-fast argument is deprecated and will be removed soon. `use_fast` is set to True by default for HF tokenizers.Use --tokenizer-hf-no-use-fast if you want to disable `use_fast`.
  warnings.warn(message)
/work/09308/zhengmk/optimus-cc/Megatron-LM/megatron/training/utils.py:411: UserWarning: --tokenizer-hf-include-special-tokens argument is deprecated and will be removed soon. `include_special_tokens` is set to True by default for HF tokenizers.Use --tokenizer-hf-no-include-special-tokens if you want to disable `include_special_tokens`.
  warnings.warn(message)
/usr/local/lib/python3.12/dist-packages/torch/distributed/c10d_logger.py:83: UserWarning: barrier(): using the device under current context. You can specify `device_id` in `init_process_group` to mute this warning.
  return func(*args, **kwargs)
[rank0]:[W327 18:07:20.365714833 ProcessGroupNCCL.cpp:5178] Guessing device ID based on global rank. This can cause a hang if rank to GPU mapping is heterogeneous. You can specify device_id in init_process_group()
/usr/local/lib/python3.12/dist-packages/torch/distributed/c10d_logger.py:83: UserWarning: barrier(): using the device under current context. You can specify `device_id` in `init_process_group` to mute this warning.
  return func(*args, **kwargs)
/work/09308/zhengmk/optimus-cc/Megatron-LM/megatron/core/dist_checkpointing/strategies/torch.py:811: FutureWarning: `load_state_dict` is deprecated and will be removed in future versions. Please use `load` instead.
  checkpoint.load_state_dict(
/usr/local/lib/python3.12/dist-packages/torch/distributed/checkpoint/planner_helpers.py:489: FutureWarning: Please use DTensor instead and we are deprecating ShardedTensor.
  device = getattr(value, "device", None)
/usr/local/lib/python3.12/dist-packages/torch/distributed/checkpoint/default_planner.py:483: FutureWarning: Please use DTensor instead and we are deprecating ShardedTensor.
  and md.size != obj.size()
huggingface/tokenizers: The current process just got forked, after parallelism has already been used. Disabling parallelism to avoid deadlocks...
To disable this warning, you can either:
	- Avoid using `tokenizers` before the fork if possible
	- Explicitly set the environment variable TOKENIZERS_PARALLELISM=(true | false)
huggingface/tokenizers: The current process just got forked, after parallelism has already been used. Disabling parallelism to avoid deadlocks...
To disable this warning, you can either:
	- Avoid using `tokenizers` before the fork if possible
	- Explicitly set the environment variable TOKENIZERS_PARALLELISM=(true | false)
huggingface/tokenizers: The current process just got forked, after parallelism has already been used. Disabling parallelism to avoid deadlocks...
To disable this warning, you can either:
	- Avoid using `tokenizers` before the fork if possible
	- Explicitly set the environment variable TOKENIZERS_PARALLELISM=(true | false)
huggingface/tokenizers: The current process just got forked, after parallelism has already been used. Disabling parallelism to avoid deadlocks...
To disable this warning, you can either:
	- Avoid using `tokenizers` before the fork if possible
	- Explicitly set the environment variable TOKENIZERS_PARALLELISM=(true | false)
huggingface/tokenizers: The current process just got forked, after parallelism has already been used. Disabling parallelism to avoid deadlocks...
To disable this warning, you can either:
	- Avoid using `tokenizers` before the fork if possible
	- Explicitly set the environment variable TOKENIZERS_PARALLELISM=(true | false)
huggingface/tokenizers: The current process just got forked, after parallelism has already been used. Disabling parallelism to avoid deadlocks...
To disable this warning, you can either:
	- Avoid using `tokenizers` before the fork if possible
	- Explicitly set the environment variable TOKENIZERS_PARALLELISM=(true | false)
/work/09308/zhengmk/optimus-cc/Megatron-LM/megatron/core/pipeline_parallel/schedules.py:211: UserWarning: The AccumulateGrad node's stream does not match the stream of the node that produced the incoming gradient. This may incur unnecessary synchronization and break CUDA graph capture if the AccumulateGrad node's stream is the default stream. This mismatch is caused by an AccumulateGrad node created prior to the current iteration being kept alive. This can happen if the autograd graph is still being kept alive by tensors such as the loss, or if you are using DDP, which will stash a reference to the node. To resolve the mismatch, delete all references to the autograd graph or ensure that DDP initialization is performed under the same stream as subsequent forwards. If the mismatch is intentional, you can use torch.autograd.graph.set_warn_on_accumulate_grad_stream_mismatch(False) to suppress this warning. (Triggered internally at /opt/pytorch/pytorch/torch/csrc/autograd/input_buffer.cpp:240.)
  Variable._execution_engine.run_backward(
/usr/local/lib/python3.12/dist-packages/torch/distributed/c10d_logger.py:83: UserWarning: barrier(): using the device under current context. You can specify `device_id` in `init_process_group` to mute this warning.
  return func(*args, **kwargs)
/usr/local/lib/python3.12/dist-packages/torch/distributed/c10d_logger.py:83: UserWarning: barrier(): using the device under current context. You can specify `device_id` in `init_process_group` to mute this warning.
  return func(*args, **kwargs)
